============================= test session starts =============================
platform win32 -- Python 3.11.2, pytest-9.0.2, pluggy-1.6.0 -- D:\Downloads\AmericanExpressProjects\agentic_ai\autonomous_anomaly_resposne_agent\venv\Scripts\python.exe
cachedir: .pytest_cache
hypothesis profile 'default'
rootdir: D:\Downloads\AmericanExpressProjects\agentic_ai\autonomous_anomaly_resposne_agent
configfile: pyproject.toml
plugins: anyio-4.13.0, hypothesis-6.151.10, langsmith-0.7.25, asyncio-1.3.0, mock-3.15.1
asyncio: mode=Mode.AUTO, debug=False, asyncio_default_fixture_loop_scope=None, asyncio_default_test_loop_scope=function
collecting ... collected 51 items

tests/unit/test_data_pipeline.py::TestSyntheticProducer::test_normal_transaction PASSED [  1%]
tests/unit/test_data_pipeline.py::TestSyntheticProducer::test_normal_metrics PASSED [  3%]
tests/unit/test_data_pipeline.py::TestSyntheticProducer::test_anomalous_latency_spike PASSED [  5%]
tests/unit/test_data_pipeline.py::TestSyntheticProducer::test_anomalous_error_rate FAILED [  7%]
tests/unit/test_data_pipeline.py::TestSyntheticProducer::test_anomalous_fraud_signal PASSED [  9%]
tests/unit/test_data_pipeline.py::TestSyntheticProducer::test_batch_generation PASSED [ 11%]
tests/unit/test_data_pipeline.py::TestSyntheticProducer::test_event_count_tracking PASSED [ 13%]
tests/unit/test_data_pipeline.py::TestSyntheticProducer::test_stream_events PASSED [ 15%]
tests/unit/test_data_pipeline.py::TestRollingWindowAggregator::test_add_event_returns_features PASSED [ 17%]
tests/unit/test_data_pipeline.py::TestRollingWindowAggregator::test_window_accumulates PASSED [ 19%]
tests/unit/test_data_pipeline.py::TestRollingWindowAggregator::test_zscore_computation PASSED [ 21%]
tests/unit/test_data_pipeline.py::TestAlertDeduplicator::test_first_alert_fires PASSED [ 23%]
tests/unit/test_data_pipeline.py::TestAlertDeduplicator::test_duplicate_alert_suppressed PASSED [ 25%]
tests/unit/test_data_pipeline.py::TestAlertDeduplicator::test_different_alerts_fire PASSED [ 27%]
tests/unit/test_data_pipeline.py::TestAlertDeduplicator::test_suppressed_count PASSED [ 29%]
tests/unit/test_reward_and_tiers.py::TestActionTiers::test_tier1_actions PASSED [ 31%]
tests/unit/test_reward_and_tiers.py::TestActionTiers::test_tier2_actions PASSED [ 33%]
tests/unit/test_reward_and_tiers.py::TestActionTiers::test_tier3_actions PASSED [ 35%]
tests/unit/test_reward_and_tiers.py::TestActionTiers::test_unknown_action_defaults_to_tier3 PASSED [ 37%]
tests/unit/test_reward_and_tiers.py::TestActionTiers::test_all_actions_have_tiers PASSED [ 39%]
tests/unit/test_reward_and_tiers.py::TestActionTiers::test_tier_descriptions PASSED [ 41%]
tests/unit/test_reward_and_tiers.py::TestRewardFunction::test_auto_resolved_fast PASSED [ 43%]
tests/unit/test_reward_and_tiers.py::TestRewardFunction::test_auto_resolved_slow PASSED [ 45%]
tests/unit/test_reward_and_tiers.py::TestRewardFunction::test_false_positive_penalty PASSED [ 47%]
tests/unit/test_reward_and_tiers.py::TestRewardFunction::test_human_override_penalty PASSED [ 49%]
tests/unit/test_reward_and_tiers.py::TestRewardFunction::test_combined_bad_outcome PASSED [ 50%]
tests/unit/test_reward_and_tiers.py::TestRewardFunction::test_perfect_outcome PASSED [ 52%]
tests/unit/test_reward_and_tiers.py::TestRewardFunction::test_no_resolution_data PASSED [ 54%]
tests/unit/test_schemas.py::TestAnomalyEvent::test_create_valid_event PASSED [ 56%]
tests/unit/test_schemas.py::TestAnomalyEvent::test_confidence_bounds PASSED [ 58%]
tests/unit/test_schemas.py::TestAnomalyEvent::test_serialization_roundtrip PASSED [ 60%]
tests/unit/test_schemas.py::TestDiagnosisResult::test_create_valid_diagnosis PASSED [ 62%]
tests/unit/test_schemas.py::TestDiagnosisResult::test_novel_incident_flag PASSED [ 64%]
tests/unit/test_schemas.py::TestIncidentRecord::test_create_default_incident PASSED [ 66%]
tests/unit/test_schemas.py::TestIncidentRecord::test_full_lifecycle PASSED [ 68%]
tests/unit/test_schemas.py::TestTelemetryEvent::test_create_transaction_event PASSED [ 70%]
tests/unit/test_schemas.py::TestTelemetryEvent::test_create_metric_event PASSED [ 72%]
tests/unit/test_schemas.py::TestActionTier::test_tier_values PASSED      [ 74%]
tests/unit/test_tools.py::TestPrometheusQueryTool::test_returns_valid_json PASSED [ 76%]
tests/unit/test_tools.py::TestPrometheusQueryTool::test_latency_query PASSED [ 78%]
tests/unit/test_tools.py::TestPrometheusQueryTool::test_error_query PASSED [ 80%]
tests/unit/test_tools.py::TestKafkaLagInspector::test_returns_lag_info PASSED [ 82%]
tests/unit/test_tools.py::TestKafkaLagInspector::test_partitions_have_lag PASSED [ 84%]
tests/unit/test_tools.py::TestFraudSignalFetch::test_returns_fraud_stats PASSED [ 86%]
tests/unit/test_tools.py::TestFraudSignalFetch::test_fraud_scores_valid_range PASSED [ 88%]
tests/unit/test_tools.py::TestBaselineCompare::test_normal_value PASSED  [ 90%]
tests/unit/test_tools.py::TestBaselineCompare::test_anomalous_value PASSED [ 92%]
tests/unit/test_tools.py::TestBaselineCompare::test_severity_classification PASSED [ 94%]
tests/unit/test_tools.py::TestAnomalyClassifier::test_normal_vector PASSED [ 96%]
tests/unit/test_tools.py::TestAnomalyClassifier::test_anomalous_vector PASSED [ 98%]
tests/unit/test_tools.py::TestAnomalyClassifier::test_different_vector_lengths PASSED [100%]

================================== FAILURES ===================================
_______________ TestSyntheticProducer.test_anomalous_error_rate _______________
tests\unit\test_data_pipeline.py:41: in test_anomalous_error_rate
    assert event.payload["error_rate"] > 0.1  # Much higher than normal
    ^^^^^^^^^^^^^^^^^^^^^^^^^^^^^^^^^^^^^^^^
E   assert 0.0915 > 0.1
---------------------------- Captured stdout setup ----------------------------
2026-04-04 16:35:30 [info     ] synthetic_producer_initialized
=========================== short test summary info ===========================
FAILED tests/unit/test_data_pipeline.py::TestSyntheticProducer::test_anomalous_error_rate
======================== 1 failed, 50 passed in 11.86s ========================
